{
  "files": [
    "test/fixtures/basic.json",
    "test/fixtures/subdir.json"
  ],
  "other": "string",
  "anotherProperty": false
}
