{
  "files": [
    "fixtures/basic.json",
    "fixtures/subdir.json"
  ]
}
